// Jest Snapshot v1, https://goo.gl/fbAQLP

exports[`App matches the snapshot 1`] = `
<main
  className="App"
>
  <div
    className="stars"
  />
  <div
    className="twinkling"
  />
  <section
    className="home"
  >
    <Header />
    <section
      className="left-btns"
    >
      <div
        className="moon"
      />
      <button
        className="planets-btn planet-btn"
        id="planets"
        onClick={[Function]}
      >
        Planets
      </button>
      <button
        className="people-btn planet-btn"
        id="people"
        onClick={[Function]}
      >
        People
      </button>
    </section>
    <FeaturedFilm
      film={Object {}}
    />
    <section
      className="right-btns"
    >
      <button
        className="favs-btn planet-btn"
        id="favs"
        onClick={[Function]}
      >
        Favorites
      </button>
      <button
        className="vehicles-btn planet-btn"
        id="vehicles"
        onClick={[Function]}
      >
        Vehicles
      </button>
    </section>
    <Ship />
  </section>
</main>
`;
