// Jest Snapshot v1, https://goo.gl/fbAQLP

exports[`FeaturedFilm matches the snapshot 1`] = `
<section
  className="film-container"
>
  <Crawl
    subTitle="The Phantom Menace"
    text="Turmoil has engulfed the
Galactic Republic. The taxation
of trade routes to outlying star
systems is in dispute.

Hoping to resolve the matter
with a blockade of deadly
battleships, the greedy Trade
Federation has stopped all
shipping to the small planet
of Naboo.

While the Congress of the
Republic endlessly debates
this alarming chain of events,
the Supreme Chancellor has
secretly dispatched two Jedi
Knights, the guardians of
peace and justice in the
galaxy, to settle the conflict...."
    title="Episode I"
  />
  <article
    className="film-info"
  >
    <h3
      className="film-title"
    >
      Episode I
    </h3>
    <h4
      className="subtitle"
    >
      The Phantom Menace
    </h4>
    <h5
      className="release-year"
    >
      1999
    </h5>
  </article>
</section>
`;
